#-----------------------------------------------------------
# Vivado v2018.3 (64-bit)
# SW Build 2405991 on Thu Dec  6 23:38:27 MST 2018
# IP Build 2404404 on Fri Dec  7 01:43:56 MST 2018
# Start of session at: Mon May 25 15:46:08 2020
# Process ID: 13696
# Current directory: C:/Users/Renan/Documents/GitHub/Shared-Scripts/Scripts/VHDL/VHDL PROJECTS/VIVADO/TESTING PROJECTS/SINE_WAVE_REALLLLLLLLLL/SINE_WAVE_REALLLLLLLLLL.runs/impl_1
# Command line: vivado.exe -log SinGenerator.vdi -applog -product Vivado -messageDb vivado.pb -mode batch -source SinGenerator.tcl -notrace
# Log file: C:/Users/Renan/Documents/GitHub/Shared-Scripts/Scripts/VHDL/VHDL PROJECTS/VIVADO/TESTING PROJECTS/SINE_WAVE_REALLLLLLLLLL/SINE_WAVE_REALLLLLLLLLL.runs/impl_1/SinGenerator.vdi
# Journal file: C:/Users/Renan/Documents/GitHub/Shared-Scripts/Scripts/VHDL/VHDL PROJECTS/VIVADO/TESTING PROJECTS/SINE_WAVE_REALLLLLLLLLL/SINE_WAVE_REALLLLLLLLLL.runs/impl_1\vivado.jou
#-----------------------------------------------------------
source SinGenerator.tcl -notrace
