#-----------------------------------------------------------
# Vivado v2018.3 (64-bit)
# SW Build 2405991 on Thu Dec  6 23:38:27 MST 2018
# IP Build 2404404 on Fri Dec  7 01:43:56 MST 2018
# Start of session at: Fri May 15 21:55:35 2020
# Process ID: 5432
# Current directory: C:/Users/Renan/Desktop/tensao_senoidal
# Command line: vivado.exe -gui_launcher_event rodinguilauncherevent1456 C:\Users\Renan\Desktop\tensao_senoidal\tensao_senoidal.xpr
# Log file: C:/Users/Renan/Desktop/tensao_senoidal/vivado.log
# Journal file: C:/Users/Renan/Desktop/tensao_senoidal\vivado.jou
#-----------------------------------------------------------
start_gui
open_project C:/Users/Renan/Desktop/tensao_senoidal/tensao_senoidal.xpr
launch_simulation
source tensao_senoidal.tcl
add_force {/tensao_senoidal/clk} -radix bin {0 0ns} {1 50000ps} -repeat_every 100000ps
run 1000 ns
close_sim
launch_simulation
source tensao_senoidal.tcl
add_force {/tensao_senoidal/clk} -radix bin {0 0ns} {1 50000ps} -repeat_every 100000ps
run 1000 ns
launch_runs synth_1 -jobs 2
wait_on_run synth_1
reset_run synth_1
close_sim
